
> client@0.0.0 build
> vite build

[36mvite v7.3.1 [32mbuilding client environment for production...[36m[39m
transforming...
node.exe : Found 1 warning 
while optimizing generated 
CSS:
At line:1 char:1
+ & "C:\Program 
Files\nodejs/node.exe" 
"C:\Program 
Files\nodejs/node_mo ...
+ ~~~~~~~~~~~~~~~~~~~~~~~~~~~
~~~~~~~~~~~~~~~~~~~~~~~~~~~~~
~~~~~~~~~~~~~
    + CategoryInfo           
   : NotSpecified: (Found 1  
   warning... generated CS   
 S::String) [], RemoteExc    
eption
    + FullyQualifiedErrorId  
   : NativeCommandError
 

[2mΓöé   }[22m
[2mΓöé }[22m
[2mΓöé[22m @import url('htt
ps://fonts.googleapis.com/css
2?family=Inter:wght@300;400;5
00;600;700;800;900&display=sw
ap');
[2mΓöå[22m        
[33m[2m^--[22m @import 
rules must precede all rules 
aside from @charset and 
@layer statements[39m
[2mΓöå[22m
[2mΓöé *, *::before, 
*::after {[22m
[2mΓöé   margin: 0;[22m

[32mΓ£ô[39m 31 modules transformed.
[31mΓ£ù[39m Build failed 
in 305ms
[31merror during build:
[31mCould not resolve "../as
sets/images/gates-of-olympus.
png" from "src/pages/Dashboar
d.jsx"[31m
file: [36mC:/MERN/IPL/client
/src/pages/Dashboard.jsx[31m
    at getRollupError (file:/
//C:/MERN/IPL/client/node_mod
ules/rollup/dist/es/shared/pa
rseAst.js:402:41)
    at error (file:///C:/MERN
/IPL/client/node_modules/roll
up/dist/es/shared/parseAst.js
:398:42)
    at ModuleLoader.handleInv
alidResolvedId (file:///C:/ME
RN/IPL/client/node_modules/ro
llup/dist/es/shared/node-entr
y.js:21710:24)
    at file:///C:/MERN/IPL/cl
ient/node_modules/rollup/dist
/es/shared/node-entry.js:2167
0:26[39m
